// Jest Snapshot v1, https://goo.gl/fbAQLP

exports[`<Button /> tests should match snapshot 1`] = `
<Button>
  <WithStyles(Button)
    color="primary"
  />
</Button>
`;
